src/app/api/cron/publish/route.ts(4,10): error TS2305: Module '"@/lib/formatter"' has no exported member 'formatBloggerHtml'.
src/app/api/cron/publish/route.ts(73,69): error TS2554: Expected 1 arguments, but got 2.
src/app/api/cron/publish/route.ts(76,78): error TS2554: Expected 2 arguments, but got 3.
src/app/api/cron/publish/route.ts(77,55): error TS2345: Argument of type 'Outline' is not assignable to parameter of type 'string'.
src/app/api/cron/publish/route.ts(87,43): error TS2339: Property 'description' does not exist on type 'MetaOutput'.
src/app/api/cron/publish/route.ts(96,41): error TS2339: Property 'labels' does not exist on type 'Outline'.
src/app/api/cron/publish/route.ts(97,21): error TS2353: Object literal may only specify known properties, and 'status' does not exist in type 'BloggerPostInput'.
src/app/api/cron/publish/route.ts(103,25): error TS2353: Object literal may only specify known properties, and 'userId' does not exist in type 'Without<PublishLogCreateInput, PublishLogUncheckedCreateInput> & PublishLogUncheckedCreateInput'.
src/app/dashboard/campaigns/page.tsx(147,56): error TS2322: Type 'Dispatch<SetStateAction<string>>' is not assignable to type '(value: string | null, eventDetails: SelectRootChangeEventDetails) => void'.
  Types of parameters 'value' and 'value' are incompatible.
    Type 'string | null' is not assignable to type 'SetStateAction<string>'.
      Type 'null' is not assignable to type 'SetStateAction<string>'.
src/app/dashboard/campaigns/page.tsx(156,63): error TS2322: Type 'Dispatch<SetStateAction<string>>' is not assignable to type '(value: string | null, eventDetails: SelectRootChangeEventDetails) => void'.
  Types of parameters 'value' and 'value' are incompatible.
    Type 'string | null' is not assignable to type 'SetStateAction<string>'.
      Type 'null' is not assignable to type 'SetStateAction<string>'.
